AR datapath datapath //vboxsrv/data/uu/uu/MIPSmulti_com_BRAMS.vhd sub00/vhpl18 1575602108
EN data_memory NULL //vboxsrv/data/uu/uu/memory.vhd sub00/vhpl04 1575602094
EN reg_bank NULL //vboxsrv/data/uu/uu/MIPSmulti_com_BRAMS.vhd sub00/vhpl09 1575602099
AR mipsmulti_with_brams mipsmulti_with_brams //vboxsrv/data/uu/uu/MIPSmulti_com_BRAMS.vhd sub00/vhpl24 1575602114
AR top_conts behavioral //vboxsrv/data/uu/uu/top_conts.vhd sub00/vhpl30 1575602120
EN mipsmulti_with_brams NULL //vboxsrv/data/uu/uu/MIPSmulti_com_BRAMS.vhd sub00/vhpl23 1575602113
AR mult_serial mult_serial //vboxsrv/data/uu/uu/MIPSmulti_com_BRAMS.vhd sub00/vhpl14 1575602104
PH p_mipsmulti NULL //vboxsrv/data/uu/uu/MIPSmulti_com_BRAMS.vhd sub00/vhpl06 1575602096
EN periferico NULL //vboxsrv/data/uu/uu/periferico.vhd sub00/vhpl27 1575602117
EN datapath NULL //vboxsrv/data/uu/uu/MIPSmulti_com_BRAMS.vhd sub00/vhpl17 1575602107
AR reg_bank reg_bank //vboxsrv/data/uu/uu/MIPSmulti_com_BRAMS.vhd sub00/vhpl10 1575602100
EN div_serial NULL //vboxsrv/data/uu/uu/MIPSmulti_com_BRAMS.vhd sub00/vhpl15 1575602105
AR control_unit control_unit //vboxsrv/data/uu/uu/MIPSmulti_com_BRAMS.vhd sub00/vhpl20 1575602110
AR program_memory a1 //vboxsrv/data/uu/uu/memory.vhd sub00/vhpl03 1575602093
EN regnbit NULL //vboxsrv/data/uu/uu/MIPSmulti_com_BRAMS.vhd sub00/vhpl07 1575602097
AR data_memory a1 //vboxsrv/data/uu/uu/memory.vhd sub00/vhpl05 1575602095
AR alu alu //vboxsrv/data/uu/uu/MIPSmulti_com_BRAMS.vhd sub00/vhpl12 1575602102
AR div_serial div_serial //vboxsrv/data/uu/uu/MIPSmulti_com_BRAMS.vhd sub00/vhpl16 1575602106
AR regnbit regn //vboxsrv/data/uu/uu/MIPSmulti_com_BRAMS.vhd sub00/vhpl08 1575602098
EN reg_quatro_bits NULL //vboxsrv/data/uu/uu/periferico.vhd sub00/vhpl25 1575602115
EN program_memory NULL //vboxsrv/data/uu/uu/memory.vhd sub00/vhpl02 1575602092
EN mult_serial NULL //vboxsrv/data/uu/uu/MIPSmulti_com_BRAMS.vhd sub00/vhpl13 1575602103
EN top_conts NULL //vboxsrv/data/uu/uu/top_conts.vhd sub00/vhpl29 1575602119
AR dspl_drv dspl_drv //vboxsrv/data/uu/uu/dspl_drv_nexys.vhd sub00/vhpl01 1575602091
AR mipsmulti mipsmulti //vboxsrv/data/uu/uu/MIPSmulti_com_BRAMS.vhd sub00/vhpl22 1575602112
AR reg_quatro_bits reg //vboxsrv/data/uu/uu/periferico.vhd sub00/vhpl26 1575602116
EN dspl_drv NULL //vboxsrv/data/uu/uu/dspl_drv_nexys.vhd sub00/vhpl00 1575602090
EN control_unit NULL //vboxsrv/data/uu/uu/MIPSmulti_com_BRAMS.vhd sub00/vhpl19 1575602109
AR periferico behavioral //vboxsrv/data/uu/uu/periferico.vhd sub00/vhpl28 1575602118
EN alu NULL //vboxsrv/data/uu/uu/MIPSmulti_com_BRAMS.vhd sub00/vhpl11 1575602101
EN mipsmulti NULL //vboxsrv/data/uu/uu/MIPSmulti_com_BRAMS.vhd sub00/vhpl21 1575602111
