AR datapath datapath //vboxsrv/data/t6laborg/MIPSmulti_com_BRAMS.vhd sub00/vhpl16 1575520889
EN data_memory NULL //vboxsrv/data/t6laborg/memory.vhd sub00/vhpl02 1575520875
EN reg_bank NULL //vboxsrv/data/t6laborg/MIPSmulti_com_BRAMS.vhd sub00/vhpl07 1575520880
AR mipsmulti_with_brams mipsmulti_with_brams //vboxsrv/data/t6laborg/MIPSmulti_com_BRAMS.vhd sub00/vhpl22 1575520895
EN mipsmulti_with_brams NULL //vboxsrv/data/t6laborg/MIPSmulti_com_BRAMS.vhd sub00/vhpl21 1575520894
AR mult_serial mult_serial //vboxsrv/data/t6laborg/MIPSmulti_com_BRAMS.vhd sub00/vhpl12 1575520885
PH p_mipsmulti NULL //vboxsrv/data/t6laborg/MIPSmulti_com_BRAMS.vhd sub00/vhpl04 1575520877
EN datapath NULL //vboxsrv/data/t6laborg/MIPSmulti_com_BRAMS.vhd sub00/vhpl15 1575520888
AR reg_bank reg_bank //vboxsrv/data/t6laborg/MIPSmulti_com_BRAMS.vhd sub00/vhpl08 1575520881
EN div_serial NULL //vboxsrv/data/t6laborg/MIPSmulti_com_BRAMS.vhd sub00/vhpl13 1575520886
AR control_unit control_unit //vboxsrv/data/t6laborg/MIPSmulti_com_BRAMS.vhd sub00/vhpl18 1575520891
AR program_memory a1 //vboxsrv/data/t6laborg/memory.vhd sub00/vhpl01 1575520874
EN regnbit NULL //vboxsrv/data/t6laborg/MIPSmulti_com_BRAMS.vhd sub00/vhpl05 1575520878
AR data_memory a1 //vboxsrv/data/t6laborg/memory.vhd sub00/vhpl03 1575520876
AR alu alu //vboxsrv/data/t6laborg/MIPSmulti_com_BRAMS.vhd sub00/vhpl10 1575520883
AR div_serial div_serial //vboxsrv/data/t6laborg/MIPSmulti_com_BRAMS.vhd sub00/vhpl14 1575520887
AR regnbit regn //vboxsrv/data/t6laborg/MIPSmulti_com_BRAMS.vhd sub00/vhpl06 1575520879
EN program_memory NULL //vboxsrv/data/t6laborg/memory.vhd sub00/vhpl00 1575520873
EN mult_serial NULL //vboxsrv/data/t6laborg/MIPSmulti_com_BRAMS.vhd sub00/vhpl11 1575520884
AR mipsmulti mipsmulti //vboxsrv/data/t6laborg/MIPSmulti_com_BRAMS.vhd sub00/vhpl20 1575520893
EN control_unit NULL //vboxsrv/data/t6laborg/MIPSmulti_com_BRAMS.vhd sub00/vhpl17 1575520890
EN alu NULL //vboxsrv/data/t6laborg/MIPSmulti_com_BRAMS.vhd sub00/vhpl09 1575520882
EN mipsmulti NULL //vboxsrv/data/t6laborg/MIPSmulti_com_BRAMS.vhd sub00/vhpl19 1575520892
